<html>
<body>
<pre>
<h1>µVision Build Log</h1>
<h2>Project:</h2>
C:\Users\kirti\Documents\ARM\LED\Blinking\blink.uvproj
Project File Date:  10/30/2015

<h2>Output:</h2>
Rebuild target 'Target 1'
assembling Startup.s...
compiling blink.c...
blink.c(24): warning:  #1-D: last line of file ends without a newline
  }
blink.c: 1 warning, 0 errors
linking...
Program Size: Code=548 RO-data=16 RW-data=0 ZI-data=1256  
FromELF: creating hex file...
".\blink.axf" - 0 Error(s), 1 Warning(s).
</pre>
</body>
</html>
k.c(24): warning:  #1-D: last line of file ends without a newline
  }
blink.c: 1 warning, 0 errors
"blink.c" - 0 Error(s), 1 Warning(s).
ine
  }
blink.c: 1 warning, 0 errors
"blink.c" - 0 Error(s), 1 Warning(s).
