<html>
<body>
<pre>
<h1>µVision Build Log</h1>
<h2>Project:</h2>
C:\Users\kirti\Documents\ARM\motor test\test\1\1.uvproj
Project File Date:  10/31/2015

<h2>Output:</h2>
Rebuild target 'Target 1'
assembling Startup.s...
compiling 1.c...
linking...
Program Size: Code=636 RO-data=16 RW-data=0 ZI-data=1256  
FromELF: creating hex file...
".\1.axf" - 0 Error(s), 0 Warning(s).
</pre>
</body>
</html>
0 Error(s), 0 Warning(s).
 file...
".\1.axf" - 0 Error(s), 1 Warning(s).
compiling 1.c...
"1.c" - 0 Error(s), 0 Warning(s).
t is unreachable
  if(!(!(IO1PIN&(1<<16)))&&((IO1PIN&(1<<17)))){
"1.c" - 0 Error(s), 1 Warning(s).
