<html>
<body>
<pre>
<h1>µVision Build Log</h1>
<h2>Project:</h2>
C:\Users\kirti\Documents\ARM\workshop\servo\servo.uvproj
Project File Date:  11/01/2015

<h2>Output:</h2>
Rebuild target 'Target 1'
assembling Startup.s...
compiling servo.c...
servo.c(36): warning:  #1-D: last line of file ends without a newline
  }
servo.c: 1 warning, 0 errors
linking...
Program Size: Code=624 RO-data=16 RW-data=0 ZI-data=1256  
FromELF: creating hex file...
".\servo.axf" - 0 Error(s), 1 Warning(s).
</pre>
</body>
</html>
o.c(36): warning:  #1-D: last line of file ends without a newline
  }
servo.c: 1 warning, 0 errors
"servo.c" - 0 Error(s), 1 Warning(s).
