<html>
<body>
<pre>
<h1>µVision Build Log</h1>
<h2>Project:</h2>
C:\Users\kirti\Documents\ARM\workshop\7 seg\seg.uvproj
Project File Date:  11/01/2015

<h2>Output:</h2>
Rebuild target 'Target 1'
assembling Startup.s...
compiling seg.c...
seg.c(28): warning:  #1-D: last line of file ends without a newline
  }
seg.c: 1 warning, 0 errors
linking...
Program Size: Code=592 RO-data=28 RW-data=0 ZI-data=1256  
FromELF: creating hex file...
".\seg.axf" - 0 Error(s), 1 Warning(s).
</pre>
</body>
</html>
28): warning:  #1-D: last line of file ends without a newline
  }
seg.c: 1 warning, 0 errors
"seg.c" - 0 Error(s), 1 Warning(s).
