<html>
<body>
<pre>
<h1>µVision Build Log</h1>
<h2>Project:</h2>
C:\Users\kirti\Documents\ARM\workshop\lcd\lcd.uvproj
Project File Date:  11/01/2015

<h2>Output:</h2>
Rebuild target 'Target 1'
assembling Startup.s...
compiling klcd.c...
klcd.c(120): warning:  #951-D: return type of function "main" must be "int"
  void main()
klcd.c: 1 warning, 0 errors
linking...
Program Size: Code=1276 RO-data=36 RW-data=44 ZI-data=1260  
FromELF: creating hex file...
".\lcd.axf" - 0 Error(s), 1 Warning(s).
</pre>
</body>
</html>
c(120): warning:  #951-D: return type of function "main" must be "int"
  void main()
klcd.c: 1 warning, 0 errors
"klcd.c" - 0 Error(s), 1 Warning(s).
