<html>
<body>
<pre>
<h1>µVision Build Log</h1>
<h2>Project:</h2>
C:\Users\kirti\Documents\ARM\2148\test\test.uvproj
Project File Date:  11/01/2015

<h2>Output:</h2>
Rebuild target 'Target 1'
assembling Startup.s...
compiling test.c...
test.c(8): warning:  #1295-D: Deprecated declaration delay - give arg types
  void delay();
test.c: 1 warning, 0 errors
linking...
Program Size: Code=556 RO-data=16 RW-data=0 ZI-data=1256  
FromELF: creating hex file...
".\test.axf" - 0 Error(s), 1 Warning(s).
</pre>
</body>
</html>
